08-30 08:53 يتلى الآن: البروج - 85 بصوت الشيخ يوسف الشويعي
08-30 08:57 يتلى الآن: الناس - 114 بصوت الشيخ عاصم اللحیدان
08-31 03:09 يتلى الآن: الطور - 52 بصوت الشيخ أخيل عبدالحي روا
08-31 03:09 يتلى الآن: التكوير - 81 بصوت الشيخ ناصر الماجد
08-31 03:37 يتلى الآن: النجم - 53 بصوت الشيخ رامي الدعيس
08-31 03:47 يتلى الآن: النجم - 53 بصوت الشيخ نورين محمد صديق
08-31 03:47 يتلى الآن: القارعة - 101 بصوت الشيخ محمد برهجي
08-31 03:48 يتلى الآن: القمر - 54 بصوت الشيخ عبد المجيب بنكيران
08-31 14:52 يتلى الآن: قريش - 106 بصوت الشيخ جمعان العصيمي
08-31 14:53 يتلى الآن: العلق - 96 بصوت الشيخ ناصر العصفور
08-31 14:54 يتلى الآن: الفتح - 48 بصوت الشيخ عبدالباسط عبدالصمد
08-31 16:28 يتلى الآن: السجدة - 32 بصوت الشيخ زكي داغستاني
08-31 16:32 يتلى الآن: الروم - 30 بصوت الشيخ ياسر الفيلكاوي
09-02 14:54 يتلى الآن: ق - 50 بصوت الشيخ محمد الأيراوي
09-02 14:58 يتلى الآن: فصلت - 41 بصوت الشيخ عبدالبديع غيلان
09-02 14:59 يتلى الآن: الحشر - 59 بصوت الشيخ عبدالهادي أحمد كناكري
09-02 23:21 يتلى الآن: المدثر - 74 بصوت الشيخ عبدالله بخاري
09-03 00:10 يتلى الآن: القارعة - 101 بصوت الشيخ يوسف العيدروس
09-03 00:12 يتلى الآن: الجمعة - 62 بصوت الشيخ ماهر المعيقلي
09-03 00:12 يتلى الآن: القيامة - 75 بصوت الشيخ عبدالملك العسكر
09-04 06:41 يتلى الآن: العصر - 103 بصوت الشيخ أحمد عامر
09-04 07:31 يتلى الآن: الصافات - 37 بصوت الشيخ عبدالعزيز التركي
09-05 08:27 يتلى الآن: لقمان - 31 بصوت الشيخ محمد الحافظ
09-06 00:32 يتلى الآن: المعارج - 70 بصوت الشيخ أكرم العلاقمي
09-06 05:50 يتلى الآن: الضحى - 93 بصوت الشيخ معمر الأندونيسي
09-07 20:48 يتلى الآن: الهمزة - 104 بصوت الشيخ محمد صالح عالم شاه
09-08 06:09 يتلى الآن: الليل - 92 بصوت الشيخ رعد محمد الكردي
09-08 12:46 يتلى الآن: يس - 36 بصوت الشيخ محمد جبريل
09-08 21:45 يتلى الآن: يونس - 10 بصوت الشيخ العشري عمران
09-08 22:09 يتلى الآن: الفيل - 105 بصوت الشيخ عبدالله عبدل
09-08 22:10 يتلى الآن: الفيل - 105 بصوت الشيخ شعبان الصياد
09-09 00:21 يتلى الآن: المجادلة - 58 بصوت الشيخ صالح القريشي
09-09 15:02 يتلى الآن: الأنعام - 6 بصوت الشيخ أحمد عامر
09-09 15:02 يتلى الآن: ص - 38 بصوت الشيخ عادل ريان
09-09 15:02 يتلى الآن: المزمل - 73 بصوت الشيخ حسين آل الشيخ
09-10 00:13 يتلى الآن: عبس - 80 بصوت الشيخ أحمد عيسى المعصراوي
09-10 00:13 يتلى الآن: النجم - 53 بصوت الشيخ خالد كريم محمدي
09-10 00:40 يتلى الآن: محمد - 47 بصوت الشيخ الوليد الشمسان
